
> seo-tools-platform@1.0.0 build
> next build

  Γû▓ Next.js 14.2.0

   Creating an optimized production build ...
 Γ£ô Compiled successfully
   Linting and checking validity of types ...
node.exe : Failed to compile.
At line:1 char:1
+ & "C:\Program 
Files\nodejs/node.exe" 
"C:\Users\Tahsin\AppData\Roaming ...
+ ~~~~~~~~~~~~~~~~~~~~~~~~~~~~~~~~~~~
~~~~~~~~~~~~~~~~~~~~~~~~~~~~~~~~~~
    + CategoryInfo          : NotSpe 
   cified: (Failed to compile.:Stri  
  ng) [], RemoteException
    + FullyQualifiedErrorId : Native 
   CommandError
 

./src/components/tools/developer/json
-formatter.tsx:7:22
Type error: '"@/lib/tools/developer/j
son-formatter"' has no exported 
member named 'minifiedJSON'. Did you 
mean 'minifyJSON'?

[0m [90m  5 |[39m 
[36mimport[39m { [33mCard[39m } 
[36mfrom[39m [32m'@/components/ui/
card'[39m[33m;[39m[0m
[0m [90m  6 |[39m 
[36mimport[39m { [33mButton[39m 
} [36mfrom[39m [32m'@/components/u
i/button'[39m[33m;[39m[0m
[0m[31m[1m>[22m[39m[90m  7 
|[39m [36mimport[39m { 
formatJSON[33m,[39m minifiedJSON } 
[36mfrom[39m [32m'@/lib/tools/deve
loper/json-formatter'[39m[33m;[39m
[0m
[0m [90m    |[39m                 
     [31m[1m^[22m[39m[0m
[0m [90m  8 |[39m 
[36mimport[39m { cn } 
[36mfrom[39m [32m'@/lib/utils'[39
m[33m;[39m[0m
[0m [90m  9 |[39m 
[36mimport[39m { 
[33mCopy[39m[33m,[39m 
[33mFileJson[39m[33m,[39m 
[33mCheck[39m[33m,[39m 
[33mAlertTriangle[39m } 
[36mfrom[39m [32m'lucide-react'[3
9m[33m;[39m[0m
[0m [90m 10 |[39m[0m
